[nousresearch.com/index.html]
[backblue.gif]
[fade.gif]
[index.html]
[nousresearch.com/wp-content/themes/hello-elementor/style.minb12b.css]
[nousresearch.com/wp-content/themes/hello-elementor/theme.minb12b.css]
[nousresearch.com/wp-content/plugins/ajax-search-lite/css/style.basic9cba.css]
[nousresearch.com/wp-content/plugins/ajax-search-lite/css/style-simple-red9cba.css]
[nousresearch.com/wp-content/uploads/elementor/css/custom-frontend.min8ed3.css]
[nousresearch.com/wp-content/uploads/elementor/css/custom-pro-widget-nav-menu.min8ed3.css]
[nousresearch.com/wp-content/plugins/elementor/assets/css/widget-divider.minf34d.css]
[nousresearch.com/wp-content/plugins/elementor/assets/css/widget-text-editor.minf34d.css]
[nousresearch.com/wp-content/plugins/elementor/assets/lib/animations/styles/fadeIn.minf34d.css]
[nousresearch.com/wp-content/plugins/elementor/assets/lib/swiper/v8/css/swiper.min94a4.css]
[nousresearch.com/wp-content/plugins/elementor/assets/css/conditionals/e-swiper.minf34d.css]
[nousresearch.com/wp-content/uploads/elementor/css/post-48ed3.css]
[nousresearch.com/wp-content/plugins/elementor-pro/assets/css/conditionals/popup.minb403.css]
[nousresearch.com/wp-content/uploads/elementor/css/post-5ee6b.css]
[nousresearch.com/wp-content/uploads/elementor/css/post-938ed3.css]
[nousresearch.com/wp-content/uploads/elementor/css/post-933444c.css]
[nousresearch.com/wp-content/uploads/elementor/css/post-3648ed3.css]
[nousresearch.com/wp-content/tablepress-combined.min8766.css]
[use.fontawesome.com/releases/v6.5.1/css/all.css]
[use.fontawesome.com/releases/v6.5.1/css/v4-shims.css]
[plausible.io/js/plausible.outbound-links6b25.js]
[nousresearch.com/wp-includes/js/jquery/jquery.minf43b.js]
[nousresearch.com/wp-includes/js/jquery/jquery-migrate.min5589.js]
[nousresearch.com/wp-json/index.html]
[nousresearch.com/wp-json/wp/v2/pages/5.json]
[nousresearch.com/xmlrpc0db0.php]
[nousresearch.com/apple-touch-icon.png]
[nousresearch.com/favicon-32x32.png]
[nousresearch.com/favicon-16x16.png]
[nousresearch.com/site.webmanifest]
[nousresearch.com/safari-pinned-tab.svg]
[nousresearch.com/wp-content/uploads/2024/03/android-chrome-512x512-1-150x150.png]
[nousresearch.com/wp-content/uploads/2024/03/android-chrome-512x512-1-300x300.png]
[nousresearch.com/cdn-cgi/l/email-protection.html]
[nousresearch.com/hermes3/index.html]
[nousresearch.com/cdn-cgi/scripts/5c5dd728/cloudflare-static/email-decode.min.js]
[nousresearch.com/nous-psyche/index.html]
[nousresearch.com/wp-content/uploads/elementor/css/post-17618ed3.css]
[nousresearch.com/wp-content/plugins/elementor-pro/assets/css/modules/sticky.minb403.css]
[nousresearch.com/releases/index.html]
[nousresearch.com/wp-content/plugins/ajax-search-lite/js/min/plugin/optimized/asl-prereqd207.js]
[nousresearch.com/blog/index.html]
[nousresearch.com/wp-content/plugins/ajax-search-lite/js/min/plugin/optimized/asl-cored207.js]
[nousresearch.com/wp-content/plugins/ajax-search-lite/js/min/plugin/optimized/asl-results-verticald207.js]
[nousresearch.com/wp-content/plugins/ajax-search-lite/js/min/plugin/optimized/asl-autocompleted207.js]
[nousresearch.com/wp-content/plugins/ajax-search-lite/js/min/plugin/optimized/asl-loadd207.js]
[nousresearch.com/wp-content/plugins/ajax-search-lite/js/min/plugin/optimized/asl-wrapperd207.js]
[nousresearch.com/wp-content/plugins/elementor-pro/assets/lib/smartmenus/jquery.smartmenus.min1576.js]
[nousresearch.com/wp-content/plugins/elementor-pro/assets/lib/sticky/jquery.sticky.minb403.js]
[nousresearch.com/wp-content/plugins/elementor-pro/assets/js/webpack-pro.runtime.minb403.js]
[nousresearch.com/wp-content/plugins/elementor/assets/js/webpack.runtime.minf34d.js]
[nousresearch.com/wp-content/plugins/elementor/assets/js/frontend-modules.minf34d.js]
[nousresearch.com/wp-includes/js/dist/hooks.min4fdd.js]
[nousresearch.com/wp-includes/js/dist/i18n.minc33c.js]
[nousresearch.com/wp-content/plugins/elementor-pro/assets/js/frontend.minb403.js]
[nousresearch.com/wp-includes/js/jquery/ui/core.minb37e.js]
[nousresearch.com/wp-content/plugins/elementor/assets/js/frontend.minf34d.js]
[nousresearch.com/wp-content/plugins/elementor-pro/assets/js/elements-handlers.minb403.js]
[nousresearch.com/index.html]
[nousresearch.com/wp-content/themes/hello-elementor/style.minb12b.css]
[nousresearch.com/wp-content/themes/hello-elementor/theme.minb12b.css]
[nousresearch.com/wp-content/plugins/ajax-search-lite/css/style.basic9cba.css]
[nousresearch.com/wp-content/plugins/ajax-search-lite/css/style-simple-red9cba.css]
[nousresearch.com/wp-content/uploads/elementor/css/custom-frontend.min8ed3.css]
[nousresearch.com/wp-content/uploads/elementor/css/custom-pro-widget-nav-menu.min8ed3.css]
[nousresearch.com/wp-content/plugins/elementor/assets/css/widget-divider.minf34d.css]
[nousresearch.com/wp-content/plugins/elementor/assets/css/widget-text-editor.minf34d.css]
[nousresearch.com/wp-content/plugins/elementor/assets/lib/animations/styles/fadeIn.minf34d.css]
[nousresearch.com/wp-content/plugins/elementor/assets/lib/swiper/v8/css/swiper.min94a4.css]
[nousresearch.com/wp-content/plugins/elementor/assets/css/conditionals/e-swiper.minf34d.css]
[nousresearch.com/cdn-cgi/challenge-platform/h/b/scripts/jsd/6682e961b853/maind41d.js]
[nousresearch.com/wp-content/uploads/2024/03/PPMondwest-Regular.eot]
[nousresearch.com/wp-content/uploads/2024/03/PPMondwest-Regulard41d.eot]
[nousresearch.com/wp-content/uploads/2024/03/PPMondwest-Regular.woff2]
[nousresearch.com/wp-content/uploads/2024/03/PPMondwest-Regular-1.woff]
[nousresearch.com/wp-content/uploads/2024/03/PPMondwest-Regular.ttf]
[nousresearch.com/wp-content/uploads/2024/03/PPMondwest-Bold.eot]
[nousresearch.com/wp-content/uploads/2024/03/PPMondwest-Boldd41d.eot]
[nousresearch.com/wp-content/uploads/2024/03/PPMondwest-Bold.woff2]
[nousresearch.com/wp-content/uploads/2024/03/PPMondwest-Bold.woff]
[nousresearch.com/wp-content/uploads/2024/03/PPMondwest-Bold.ttf]
[nousresearch.com/wp-content/uploads/elementor/css/post-48ed3.css]
[nousresearch.com/wp-content/plugins/elementor-pro/assets/css/conditionals/popup.minb403.css]
[nousresearch.com/wp-content/uploads/2024/03/jangs.jpg]
[nousresearch.com/wp-content/uploads/2024/03/shack.webp]
[nousresearch.com/wp-content/uploads/2024/03/sheck.webp]
[nousresearch.com/wp-content/uploads/2024/03/courier-new-webfont.woff]
[nousresearch.com/wp-content/uploads/elementor/css/post-5ee6b.css]
[nousresearch.com/wp-content/uploads/elementor/css/post-938ed3.css]
[nousresearch.com/wp-content/uploads/elementor/css/post-933444c.css]
[nousresearch.com/wp-content/uploads/elementor/css/post-3648ed3.css]
[nousresearch.com/wp-content/plugins/tablepress/css/build/tablepress.woff]
[nousresearch.com/wp-content/tablepress-combined.min8766.css]
[use.fontawesome.com/releases/v6.5.1/css/all.css]
[use.fontawesome.com/releases/v6.5.1/css/v4-shims.css]
[nousresearch.com/safari-pinned-tab.svg]
[nousresearch.com/wp-content/plugins/elementor/assets/css/widget-spacer.minf34d.css]
[nousresearch.com/wp-content/uploads/elementor/css/post-13228ed3.css]
[nousresearch.com/wp-json/wp/v2/pages/1322.json]
[nousresearch.com/wp-content/uploads/2024/08/Hermes-3-Technical-Report.pdf]
[nousresearch.com/hermes3/u12lGiGw2oN0hXQWxx3ex]
[nousresearch.com/hermes3/index.html]
[nousresearch.com/freedom-at-the-frontier-hermes-3/index.html]
[nousresearch.com/wp-content/plugins/elementor/assets/css/widget-image.minf34d.css]
[nousresearch.com/wp-content/plugins/elementor/assets/css/widget-heading.minf34d.css]
[nousresearch.com/wp-content/plugins/elementor/assets/css/widget-video.minf34d.css]
[nousresearch.com/wp-content/uploads/elementor/css/post-23598e59.css]
[nousresearch.com/wp-json/wp/v2/posts/2359.json]
[nousresearch.com/wp-content/uploads/2025/01/PSY01-1-scaled-1.png]
[nousresearch.com/wp-content/uploads/2025/01/Portrait.gif]
[nousresearch.com/wp-content/uploads/2025/01/MID-ART.png]
[nousresearch.com/wp-content/uploads/2025/01/BOTTOM-ART.png]
[nousresearch.com/wp-content/uploads/2025/01/VERTICLE-DIVIDER.png]
[nousresearch.com/wp-content/uploads/2025/01/VERTICLE-DIVIDER-copy.png]
[nousresearch.com/wp-content/uploads/2025/01/VERTICLE-DIVIDER-1-copy.png]
[nousresearch.com/wp-content/uploads/2025/01/BOTTOM-DIVIDER.png]
[nousresearch.com/nous-psyche/index.html]
[nousresearch.com/wp-content/uploads/elementor/css/post-231999.css]
[nousresearch.com/from-black-box-to-glass-house-the-imperative-for-transparent-ai-development/index.html]
[nousresearch.com/wp-json/wp/v2/pages/23.json]
[nousresearch.com/wp-content/uploads/2024/03/NOUS-BRAND-BOOKLET-firstedition_1.pdf]
[nousresearch.com/wp-content/plugins/tablepress/js/jquery.datatables.minfc3c.js]
[nousresearch.com/releases/index.html]
[nousresearch.com/wp-content/plugins/tablepress-datatables-sorting-plugins/jquery.datatables.sorting-plugins.min4963.js]
[nousresearch.com/wp-content/plugins/elementor-pro/assets/css/widget-loop-builder.minb403.css]
[nousresearch.com/wp-content/uploads/elementor/css/post-29444c.css]
[nousresearch.com/wp-json/wp/v2/pages/29.json]
[use.typekit.net/ssb1lom.css]
[nousresearch.com/wp-content/plugins/elementor-pro/assets/css/widget-post-info.minb403.css]
[nousresearch.com/introducing-the-forge-reasoning-api-beta-and-nous-chat-an-evolution-in-llm-inference/index.html]
[nousresearch.com/wp-content/uploads/elementor/css/custom-widget-icon-list.min8ed3.css]
[nousresearch.com/blog/index.html]
[nousresearch.com/wp-includes/js/imagesloaded.minbb93.js]
[nousresearch.com/cdn-cgi/l/email-protection.html]
[nousresearch.com/setting-your-pet-rock-free/index.html]
[nousresearch.com/the-instruct-monomyth/index.html]
[nousresearch.com/wp-content/uploads/elementor/css/post-17618ed3.css]
[nousresearch.com/wp-content/plugins/elementor-pro/assets/css/modules/sticky.minb403.css]
[nousresearch.com/wp-content/plugins/elementor/assets/css/widget-spacer.minf34d.css]
[nousresearch.com/dsjjjj-simulacra-in-the-stupor-of-becoming/index.html]
[nousresearch.com/wp-content/uploads/2024/08/HERMES-SIDE-01.webp]
[nousresearch.com/wp-content/uploads/2024/08/HERMES-TEXT-01.webp]
[nousresearch.com/wp-content/uploads/elementor/css/post-13228ed3.css]
[nousresearch.com/index7d05.html]
[nousresearch.com/wp-includes/css/dist/block-library/style.min9704.css]
[nousresearch.com/wp-content/uploads/elementor/css/post-224a473.css]
[nousresearch.com/wp-json/wp/v2/posts/1375.json]
[nousresearch.com/wp-content/uploads/2024/08/hermes3-1024x1024.png]
[nousresearch.com/freedom-at-the-frontier-hermes-3/index.html]
[nousresearch.com/hermes3/u12lGiGw2oN0hXQWxx3ex.html]
[nousresearch.com/wp-content/plugins/elementor/assets/css/widget-image.minf34d.css]
[nousresearch.com/wp-content/plugins/elementor/assets/css/widget-heading.minf34d.css]
[nousresearch.com/wp-content/plugins/elementor/assets/css/widget-video.minf34d.css]
[nousresearch.com/wp-content/uploads/2025/01/GeistMono-VariableFont_wght.ttf]
[nousresearch.com/wp-content/uploads/elementor/css/post-23598e59.css]
[nousresearch.com/index4de4.html]
[nousresearch.com/wp-json/wp/v2/posts/1992.json]
[nousresearch.com/wp-content/uploads/2024/10/MaxfieldSafety04-1024x562.png]
[nousresearch.com/from-black-box-to-glass-house-the-imperative-for-transparent-ai-development/index.html]
[nousresearch.com/wp-content/uploads/elementor/css/post-231999.css]
[nousresearch.com/index40a0.html]
[nousresearch.com/wp-content/plugins/elementor-pro/assets/css/widget-loop-builder.minb403.css]
[nousresearch.com/wp-content/uploads/elementor/css/post-29444c.css]
[nousresearch.com/index9cd7.html]
[nousresearch.com/wp-json/wp/v2/posts/2182.json]
[nousresearch.com/wp-content/uploads/2024/11/image-1024x319.png]
[nousresearch.com/wp-content/uploads/2024/11/unnamed-1024x511.png]
[nousresearch.com/wp-content/uploads/2024/11/image-2-1024x439.png]
[nousresearch.com/wp-content/uploads/2024/11/forgeapi-10-1024x456.jpg]
[nousresearch.com/wp-content/uploads/2024/11/forgeapi-14-1024x696.jpg]
[nousresearch.com/wp-content/uploads/2024/11/forgeapi-17-4.png]
[nousresearch.com/introducing-the-forge-reasoning-api-beta-and-nous-chat-an-evolution-in-llm-inference/index.html]
[nousresearch.com/wp-json/wp/v2/posts/2042.json]
[nousresearch.com/wp-content/uploads/2024/10/rockblog09-1024x345.png]
[nousresearch.com/wp-content/uploads/2024/10/rockblog05-1024x933.png]
[nousresearch.com/wp-content/uploads/2024/10/rockblog06-1024x340.png]
[nousresearch.com/wp-content/uploads/2024/10/rockblog08-1024x712.png]
[nousresearch.com/wp-content/uploads/2024/10/rockblog02-1024x551.png]
[nousresearch.com/wp-content/uploads/2024/10/rockblog07-1024x586.png]
[nousresearch.com/wp-content/uploads/2024/10/rockblog03-1024x681.png]
[nousresearch.com/wp-content/uploads/2024/10/rockblog10-1.png]
[nousresearch.com/setting-your-pet-rock-free/index.html]
[nousresearch.com/wp-json/wp/v2/posts/1289.json]
[nousresearch.com/wp-content/uploads/2024/07/IMG_2009-2-1024x603.jpg]
[nousresearch.com/the-instruct-monomyth/index.html]
[nousresearch.com/wp-json/wp/v2/posts/908.json]
[substackcdn.com/image/fetch/f_auto,q_auto_good,fl_progressive_steep/https_/substack-post-media.s3.amazonaws.com/public/images/c14ee93b-cea9-4628-8161-defdce789602_1024x683.png]
[substackcdn.com/image/fetch/w_1456,c_limit,f_auto,q_auto_good,fl_progressive_steep/https_/substack-post-media.s3.amazonaws.com/public/images/c14ee93b-cea9-4628-8161-defdce789602_1024x683.png]
[nousresearch.com/dsjjjj-simulacra-in-the-stupor-of-becoming/index.html]
[use.typekit.net/af/fec4eb/0000000000000000000131bd/27/l652f]
[use.typekit.net/af/fec4eb/0000000000000000000131bd/27/d652f]
[use.typekit.net/af/fec4eb/0000000000000000000131bd/27/a652f]
[use.typekit.net/af/3741dd/0000000000000000000131be/27/le265]
[use.typekit.net/af/3741dd/0000000000000000000131be/27/de265]
[use.typekit.net/af/3741dd/0000000000000000000131be/27/ae265]
[use.typekit.net/af/8143dd/0000000000000000000131bb/27/le196]
[use.typekit.net/af/8143dd/0000000000000000000131bb/27/de196]
[use.typekit.net/af/8143dd/0000000000000000000131bb/27/ae196]
[use.typekit.net/af/d0381a/0000000000000000000131bc/27/lfdcc]
[use.typekit.net/af/d0381a/0000000000000000000131bc/27/dfdcc]
[use.typekit.net/ssb1lom.css]
[use.typekit.net/af/d0381a/0000000000000000000131bc/27/afdcc]
[nousresearch.com/wp-content/plugins/elementor-pro/assets/css/widget-post-info.minb403.css]
[nousresearch.com/wp-content/uploads/elementor/css/custom-widget-icon-list.min8ed3.css]
[nousresearch.com/wp-includes/css/dist/block-library/style.min9704.css]
[nousresearch.com/wp-content/uploads/elementor/css/post-224a473.css]
[nousresearch.com/index3661.html]
[nousresearch.com/indexff91.html]
[nousresearch.com/index4978.html]
[nousresearch.com/indexdc22.html]
[nousresearch.com/indexd246.html]
[nousresearch.com/indexdd92.html]
[p.typekit.net/pae2a.css]
